../Core/Src/main.c:49:5:main	216	static
../Core/Src/main.c:242:6:Color_Sensor_Init	24	static
../Core/Src/main.c:262:6:Read_Color_Values	32	static
../Core/Src/main.c:281:6:Set_Motor_Speed	16	static
../Core/Src/main.c:286:6:Robot_Forward	8	static
../Core/Src/main.c:294:6:Robot_Stop	8	static
../Core/Src/main.c:302:6:Robot_Turn_Left	8	static
../Core/Src/main.c:314:6:Robot_Turn_Right	8	static
../Core/Src/main.c:326:6:Robot_UTurn	8	static
../Core/Src/main.c:338:6:SystemClock_Config	88	static
../Core/Src/main.c:364:13:MX_I2C1_Init	8	static
../Core/Src/main.c:378:13:MX_TIM2_Init	40	static
../Core/Src/main.c:397:13:MX_USART2_UART_Init	8	static
../Core/Src/main.c:410:13:MX_GPIO_Init	40	static
../Core/Src/main.c:450:6:Error_Handler	4	static,ignoring_inline_asm
