../Core/Src/main.c:15:6:Set_Motor_Speed	16	static
../Core/Src/main.c:23:6:Robot_Forward	16	static
../Core/Src/main.c:32:6:Robot_Stop	8	static
../Core/Src/main.c:48:6:Robot_TurnRight	16	static
../Core/Src/main.c:57:6:Robot_TurnLeft	16	static
../Core/Src/main.c:66:6:Robot_UTurn	16	static
../Core/Src/main.c:77:5:main	8	static
../Core/Src/main.c:150:6:SystemClock_Config	88	static
../Core/Src/main.c:194:13:MX_TIM2_Init	48	static
../Core/Src/main.c:229:13:MX_TIM3_Init	48	static
../Core/Src/main.c:264:13:MX_GPIO_Init	40	static
