../Core/Src/main.c:81:5:main	27
../Core/Src/main.c:281:6:SystemClock_Config	1
../Core/Src/main.c:303:13:MX_I2C1_Init	1
../Core/Src/main.c:317:13:MX_TIM2_Init	1
../Core/Src/main.c:343:13:MX_TIM3_Init	1
../Core/Src/main.c:374:13:MX_USART2_UART_Init	1
../Core/Src/main.c:387:13:MX_GPIO_Init	1
../Core/Src/main.c:438:6:Debug_Print	1
../Core/Src/main.c:450:6:Set_Motor_Speed	1
../Core/Src/main.c:455:6:Robot_Forward	1
../Core/Src/main.c:467:6:Robot_Stop	1
../Core/Src/main.c:475:6:Robot_Turn_Left	1
../Core/Src/main.c:489:6:Robot_Turn_Right	1
../Core/Src/main.c:503:6:Robot_UTurn	1
../Core/Src/main.c:517:6:Color_Sensor_Init	1
../Core/Src/main.c:527:6:Read_Color_Values	1
../Core/Src/main.c:540:6:Error_Handler	1
